src/app/(dashboard)/products/create-product-sheet.tsx(28,44): error TS2307: Cannot find module '@/components/ui/radio-group' or its corresponding type declarations.
src/app/(dashboard)/products/create-product-sheet.tsx(35,9): error TS2322: Type 'Resolver<{ name: string; type: "PRODUCT" | "SERVICE"; price: string; sku?: string | undefined; stock?: number | undefined; }, any, { name: string; type: "PRODUCT" | "SERVICE"; price: string; stock: number; sku?: string | undefined; }>' is not assignable to type 'Resolver<{ name: string; type: "PRODUCT" | "SERVICE"; price: string; stock: number; sku?: string | undefined; }, any, { name: string; type: "PRODUCT" | "SERVICE"; price: string; stock: number; sku?: string | undefined; }>'.
  Types of parameters 'options' and 'options' are incompatible.
    Type 'ResolverOptions<{ name: string; type: "PRODUCT" | "SERVICE"; price: string; stock: number; sku?: string | undefined; }>' is not assignable to type 'ResolverOptions<{ name: string; type: "PRODUCT" | "SERVICE"; price: string; sku?: string | undefined; stock?: number | undefined; }>'.
      Type 'number | undefined' is not assignable to type 'number'.
        Type 'undefined' is not assignable to type 'number'.
src/app/(dashboard)/products/create-product-sheet.tsx(74,59): error TS2345: Argument of type '(data: { name: string; type: "PRODUCT" | "SERVICE"; price: string; stock: number; sku?: string | undefined; }) => void' is not assignable to parameter of type 'SubmitHandler<TFieldValues>'.
  Types of parameters 'data' and 'data' are incompatible.
    Type 'TFieldValues' is not assignable to type '{ name: string; type: "PRODUCT" | "SERVICE"; price: string; stock: number; sku?: string | undefined; }'.
      Type 'FieldValues' is missing the following properties from type '{ name: string; type: "PRODUCT" | "SERVICE"; price: string; stock: number; sku?: string | undefined; }': name, type, price, stock
src/app/(dashboard)/products/create-product-sheet.tsx(76,33): error TS2322: Type 'Control<{ name: string; type: "PRODUCT" | "SERVICE"; price: string; stock: number; sku?: string | undefined; }, any, TFieldValues>' is not assignable to type 'Control<{ name: string; type: "PRODUCT" | "SERVICE"; price: string; stock: number; sku?: string | undefined; }, any, { name: string; type: "PRODUCT" | "SERVICE"; price: string; stock: number; sku?: string | undefined; }>'.
  The types of '_options.resolver' are incompatible between these types.
    Type 'Resolver<{ name: string; type: "PRODUCT" | "SERVICE"; price: string; stock: number; sku?: string | undefined; }, any, TFieldValues> | undefined' is not assignable to type 'Resolver<{ name: string; type: "PRODUCT" | "SERVICE"; price: string; stock: number; sku?: string | undefined; }, any, { name: string; type: "PRODUCT" | "SERVICE"; price: string; stock: number; sku?: string | undefined; }> | undefined'.
      Type 'Resolver<{ name: string; type: "PRODUCT" | "SERVICE"; price: string; stock: number; sku?: string | undefined; }, any, TFieldValues>' is not assignable to type 'Resolver<{ name: string; type: "PRODUCT" | "SERVICE"; price: string; stock: number; sku?: string | undefined; }, any, { name: string; type: "PRODUCT" | "SERVICE"; price: string; stock: number; sku?: string | undefined; }>'.
        Type 'ResolverResult<{ name: string; type: "PRODUCT" | "SERVICE"; price: string; stock: number; sku?: string | undefined; }, TFieldValues> | Promise<ResolverResult<{ name: string; type: "PRODUCT" | "SERVICE"; price: string; stock: number; sku?: string | undefined; }, TFieldValues>>' is not assignable to type 'ResolverResult<{ name: string; type: "PRODUCT" | "SERVICE"; price: string; stock: number; sku?: string | undefined; }, { name: string; type: "PRODUCT" | "SERVICE"; price: string; stock: number; sku?: string | undefined; }> | Promise<...>'.
          Type 'ResolverSuccess<TFieldValues>' is not assignable to type 'ResolverResult<{ name: string; type: "PRODUCT" | "SERVICE"; price: string; stock: number; sku?: string | undefined; }, { name: string; type: "PRODUCT" | "SERVICE"; price: string; stock: number; sku?: string | undefined; }> | Promise<...>'.
            Type 'ResolverSuccess<TFieldValues>' is not assignable to type 'ResolverSuccess<{ name: string; type: "PRODUCT" | "SERVICE"; price: string; stock: number; sku?: string | undefined; }>'.
              Type 'TFieldValues' is not assignable to type '{ name: string; type: "PRODUCT" | "SERVICE"; price: string; stock: number; sku?: string | undefined; }'.
                Type 'FieldValues' is missing the following properties from type '{ name: string; type: "PRODUCT" | "SERVICE"; price: string; stock: number; sku?: string | undefined; }': name, type, price, stock
src/app/(dashboard)/products/create-product-sheet.tsx(111,33): error TS2322: Type 'Control<{ name: string; type: "PRODUCT" | "SERVICE"; price: string; stock: number; sku?: string | undefined; }, any, TFieldValues>' is not assignable to type 'Control<{ name: string; type: "PRODUCT" | "SERVICE"; price: string; stock: number; sku?: string | undefined; }, any, { name: string; type: "PRODUCT" | "SERVICE"; price: string; stock: number; sku?: string | undefined; }>'.
  The types of '_options.resolver' are incompatible between these types.
    Type 'Resolver<{ name: string; type: "PRODUCT" | "SERVICE"; price: string; stock: number; sku?: string | undefined; }, any, TFieldValues> | undefined' is not assignable to type 'Resolver<{ name: string; type: "PRODUCT" | "SERVICE"; price: string; stock: number; sku?: string | undefined; }, any, { name: string; type: "PRODUCT" | "SERVICE"; price: string; stock: number; sku?: string | undefined; }> | undefined'.
      Type 'Resolver<{ name: string; type: "PRODUCT" | "SERVICE"; price: string; stock: number; sku?: string | undefined; }, any, TFieldValues>' is not assignable to type 'Resolver<{ name: string; type: "PRODUCT" | "SERVICE"; price: string; stock: number; sku?: string | undefined; }, any, { name: string; type: "PRODUCT" | "SERVICE"; price: string; stock: number; sku?: string | undefined; }>'.
        Type 'ResolverResult<{ name: string; type: "PRODUCT" | "SERVICE"; price: string; stock: number; sku?: string | undefined; }, TFieldValues> | Promise<ResolverResult<{ name: string; type: "PRODUCT" | "SERVICE"; price: string; stock: number; sku?: string | undefined; }, TFieldValues>>' is not assignable to type 'ResolverResult<{ name: string; type: "PRODUCT" | "SERVICE"; price: string; stock: number; sku?: string | undefined; }, { name: string; type: "PRODUCT" | "SERVICE"; price: string; stock: number; sku?: string | undefined; }> | Promise<...>'.
          Type 'ResolverSuccess<TFieldValues>' is not assignable to type 'ResolverResult<{ name: string; type: "PRODUCT" | "SERVICE"; price: string; stock: number; sku?: string | undefined; }, { name: string; type: "PRODUCT" | "SERVICE"; price: string; stock: number; sku?: string | undefined; }> | Promise<...>'.
            Type 'ResolverSuccess<TFieldValues>' is not assignable to type 'ResolverSuccess<{ name: string; type: "PRODUCT" | "SERVICE"; price: string; stock: number; sku?: string | undefined; }>'.
              Type 'TFieldValues' is not assignable to type '{ name: string; type: "PRODUCT" | "SERVICE"; price: string; stock: number; sku?: string | undefined; }'.
                Type 'FieldValues' is missing the following properties from type '{ name: string; type: "PRODUCT" | "SERVICE"; price: string; stock: number; sku?: string | undefined; }': name, type, price, stock
src/app/(dashboard)/products/create-product-sheet.tsx(125,33): error TS2322: Type 'Control<{ name: string; type: "PRODUCT" | "SERVICE"; price: string; stock: number; sku?: string | undefined; }, any, TFieldValues>' is not assignable to type 'Control<{ name: string; type: "PRODUCT" | "SERVICE"; price: string; stock: number; sku?: string | undefined; }, any, { name: string; type: "PRODUCT" | "SERVICE"; price: string; stock: number; sku?: string | undefined; }>'.
  The types of '_options.resolver' are incompatible between these types.
    Type 'Resolver<{ name: string; type: "PRODUCT" | "SERVICE"; price: string; stock: number; sku?: string | undefined; }, any, TFieldValues> | undefined' is not assignable to type 'Resolver<{ name: string; type: "PRODUCT" | "SERVICE"; price: string; stock: number; sku?: string | undefined; }, any, { name: string; type: "PRODUCT" | "SERVICE"; price: string; stock: number; sku?: string | undefined; }> | undefined'.
      Type 'Resolver<{ name: string; type: "PRODUCT" | "SERVICE"; price: string; stock: number; sku?: string | undefined; }, any, TFieldValues>' is not assignable to type 'Resolver<{ name: string; type: "PRODUCT" | "SERVICE"; price: string; stock: number; sku?: string | undefined; }, any, { name: string; type: "PRODUCT" | "SERVICE"; price: string; stock: number; sku?: string | undefined; }>'.
        Type 'ResolverResult<{ name: string; type: "PRODUCT" | "SERVICE"; price: string; stock: number; sku?: string | undefined; }, TFieldValues> | Promise<ResolverResult<{ name: string; type: "PRODUCT" | "SERVICE"; price: string; stock: number; sku?: string | undefined; }, TFieldValues>>' is not assignable to type 'ResolverResult<{ name: string; type: "PRODUCT" | "SERVICE"; price: string; stock: number; sku?: string | undefined; }, { name: string; type: "PRODUCT" | "SERVICE"; price: string; stock: number; sku?: string | undefined; }> | Promise<...>'.
          Type 'ResolverSuccess<TFieldValues>' is not assignable to type 'ResolverResult<{ name: string; type: "PRODUCT" | "SERVICE"; price: string; stock: number; sku?: string | undefined; }, { name: string; type: "PRODUCT" | "SERVICE"; price: string; stock: number; sku?: string | undefined; }> | Promise<...>'.
            Type 'ResolverSuccess<TFieldValues>' is not assignable to type 'ResolverSuccess<{ name: string; type: "PRODUCT" | "SERVICE"; price: string; stock: number; sku?: string | undefined; }>'.
              Type 'TFieldValues' is not assignable to type '{ name: string; type: "PRODUCT" | "SERVICE"; price: string; stock: number; sku?: string | undefined; }'.
                Type 'FieldValues' is missing the following properties from type '{ name: string; type: "PRODUCT" | "SERVICE"; price: string; stock: number; sku?: string | undefined; }': name, type, price, stock
src/app/(dashboard)/products/create-product-sheet.tsx(140,37): error TS2322: Type 'Control<{ name: string; type: "PRODUCT" | "SERVICE"; price: string; stock: number; sku?: string | undefined; }, any, TFieldValues>' is not assignable to type 'Control<{ name: string; type: "PRODUCT" | "SERVICE"; price: string; stock: number; sku?: string | undefined; }, any, { name: string; type: "PRODUCT" | "SERVICE"; price: string; stock: number; sku?: string | undefined; }>'.
  The types of '_options.resolver' are incompatible between these types.
    Type 'Resolver<{ name: string; type: "PRODUCT" | "SERVICE"; price: string; stock: number; sku?: string | undefined; }, any, TFieldValues> | undefined' is not assignable to type 'Resolver<{ name: string; type: "PRODUCT" | "SERVICE"; price: string; stock: number; sku?: string | undefined; }, any, { name: string; type: "PRODUCT" | "SERVICE"; price: string; stock: number; sku?: string | undefined; }> | undefined'.
      Type 'Resolver<{ name: string; type: "PRODUCT" | "SERVICE"; price: string; stock: number; sku?: string | undefined; }, any, TFieldValues>' is not assignable to type 'Resolver<{ name: string; type: "PRODUCT" | "SERVICE"; price: string; stock: number; sku?: string | undefined; }, any, { name: string; type: "PRODUCT" | "SERVICE"; price: string; stock: number; sku?: string | undefined; }>'.
        Type 'ResolverResult<{ name: string; type: "PRODUCT" | "SERVICE"; price: string; stock: number; sku?: string | undefined; }, TFieldValues> | Promise<ResolverResult<{ name: string; type: "PRODUCT" | "SERVICE"; price: string; stock: number; sku?: string | undefined; }, TFieldValues>>' is not assignable to type 'ResolverResult<{ name: string; type: "PRODUCT" | "SERVICE"; price: string; stock: number; sku?: string | undefined; }, { name: string; type: "PRODUCT" | "SERVICE"; price: string; stock: number; sku?: string | undefined; }> | Promise<...>'.
          Type 'ResolverSuccess<TFieldValues>' is not assignable to type 'ResolverResult<{ name: string; type: "PRODUCT" | "SERVICE"; price: string; stock: number; sku?: string | undefined; }, { name: string; type: "PRODUCT" | "SERVICE"; price: string; stock: number; sku?: string | undefined; }> | Promise<...>'.
            Type 'ResolverSuccess<TFieldValues>' is not assignable to type 'ResolverSuccess<{ name: string; type: "PRODUCT" | "SERVICE"; price: string; stock: number; sku?: string | undefined; }>'.
              Type 'TFieldValues' is not assignable to type '{ name: string; type: "PRODUCT" | "SERVICE"; price: string; stock: number; sku?: string | undefined; }'.
                Type 'FieldValues' is missing the following properties from type '{ name: string; type: "PRODUCT" | "SERVICE"; price: string; stock: number; sku?: string | undefined; }': name, type, price, stock
src/app/(dashboard)/products/create-product-sheet.tsx(160,41): error TS2322: Type 'Control<{ name: string; type: "PRODUCT" | "SERVICE"; price: string; stock: number; sku?: string | undefined; }, any, TFieldValues>' is not assignable to type 'Control<{ name: string; type: "PRODUCT" | "SERVICE"; price: string; stock: number; sku?: string | undefined; }, any, { name: string; type: "PRODUCT" | "SERVICE"; price: string; stock: number; sku?: string | undefined; }>'.
  The types of '_options.resolver' are incompatible between these types.
    Type 'Resolver<{ name: string; type: "PRODUCT" | "SERVICE"; price: string; stock: number; sku?: string | undefined; }, any, TFieldValues> | undefined' is not assignable to type 'Resolver<{ name: string; type: "PRODUCT" | "SERVICE"; price: string; stock: number; sku?: string | undefined; }, any, { name: string; type: "PRODUCT" | "SERVICE"; price: string; stock: number; sku?: string | undefined; }> | undefined'.
      Type 'Resolver<{ name: string; type: "PRODUCT" | "SERVICE"; price: string; stock: number; sku?: string | undefined; }, any, TFieldValues>' is not assignable to type 'Resolver<{ name: string; type: "PRODUCT" | "SERVICE"; price: string; stock: number; sku?: string | undefined; }, any, { name: string; type: "PRODUCT" | "SERVICE"; price: string; stock: number; sku?: string | undefined; }>'.
        Type 'ResolverResult<{ name: string; type: "PRODUCT" | "SERVICE"; price: string; stock: number; sku?: string | undefined; }, TFieldValues> | Promise<ResolverResult<{ name: string; type: "PRODUCT" | "SERVICE"; price: string; stock: number; sku?: string | undefined; }, TFieldValues>>' is not assignable to type 'ResolverResult<{ name: string; type: "PRODUCT" | "SERVICE"; price: string; stock: number; sku?: string | undefined; }, { name: string; type: "PRODUCT" | "SERVICE"; price: string; stock: number; sku?: string | undefined; }> | Promise<...>'.
          Type 'ResolverSuccess<TFieldValues>' is not assignable to type 'ResolverResult<{ name: string; type: "PRODUCT" | "SERVICE"; price: string; stock: number; sku?: string | undefined; }, { name: string; type: "PRODUCT" | "SERVICE"; price: string; stock: number; sku?: string | undefined; }> | Promise<...>'.
            Type 'ResolverSuccess<TFieldValues>' is not assignable to type 'ResolverSuccess<{ name: string; type: "PRODUCT" | "SERVICE"; price: string; stock: number; sku?: string | undefined; }>'.
              Type 'TFieldValues' is not assignable to type '{ name: string; type: "PRODUCT" | "SERVICE"; price: string; stock: number; sku?: string | undefined; }'.
                Type 'FieldValues' is missing the following properties from type '{ name: string; type: "PRODUCT" | "SERVICE"; price: string; stock: number; sku?: string | undefined; }': name, type, price, stock
src/app/dashboard/entities/create-entity-sheet.tsx(35,26): error TS2307: Cannot find module '@/hooks/use-toast' or its corresponding type declarations.
