src/app/dashboard/entities/create-entity-sheet.tsx(35,26): error TS2307: Cannot find module '@/hooks/use-toast' or its corresponding type declarations.
src/app/dashboard/entities/create-entity-sheet.tsx(74,14): error TS2559: Type '{ children: Element[]; }' has no properties in common with type 'IntrinsicAttributes & SheetContentProps & RefAttributes<any>'.
src/app/dashboard/entities/entity-table.tsx(9,8): error TS2307: Cannot find module '@tanstack/react-table' or its corresponding type declarations.
src/app/dashboard/entities/entity-table.tsx(42,18): error TS7031: Binding element 'row' implicitly has an 'any' type.
src/app/dashboard/entities/entity-table.tsx(47,18): error TS7031: Binding element 'row' implicitly has an 'any' type.
src/app/dashboard/entities/entity-table.tsx(83,51): error TS7006: Parameter 'headerGroup' implicitly has an 'any' type.
src/app/dashboard/entities/entity-table.tsx(85,55): error TS7006: Parameter 'header' implicitly has an 'any' type.
src/app/dashboard/entities/entity-table.tsx(102,55): error TS7006: Parameter 'row' implicitly has an 'any' type.
src/app/dashboard/entities/entity-table.tsx(107,61): error TS7006: Parameter 'cell' implicitly has an 'any' type.
src/components/ui/avatar.tsx(4,34): error TS2307: Cannot find module '@radix-ui/react-avatar' or its corresponding type declarations.
src/components/ui/dropdown-menu.tsx(4,40): error TS2307: Cannot find module '@radix-ui/react-dropdown-menu' or its corresponding type declarations.
src/components/ui/select.tsx(4,34): error TS2307: Cannot find module '@radix-ui/react-select' or its corresponding type declarations.
src/components/ui/separator.tsx(4,37): error TS2307: Cannot find module '@radix-ui/react-separator' or its corresponding type declarations.
src/components/ui/sheet.tsx(4,33): error TS2307: Cannot find module '@radix-ui/react-dialog' or its corresponding type declarations.
src/components/ui/sheet.tsx(59,22): error TS2339: Property 'className' does not exist on type 'SheetContentProps'.
src/components/ui/sheet.tsx(59,33): error TS2339: Property 'children' does not exist on type 'SheetContentProps'.
